[backblue.gif]
[fade.gif]
[index.html]
[recept.mohem.se/Img/smultron_hdr2.jpg]
[recept.mohem.se/WebResourcec33f.gif]
[recept.mohem.se/WebResourceda76.gif]
[recept.mohem.se/WebResourcecd35.gif]
[recept.mohem.se/WebResource0780.gif]
[recept.mohem.se/Img/btz4zm7.png]
[recept.mohem.se/index.html]
[recept.mohem.se/Styles/Site.css]
[recept.mohem.se/Styles/Styles21.css]
[recept.mohem.se/Styles/gvStyle.css]
[recept.mohem.se/Styles/grd_head.png]
[recept.mohem.se/Styles/grd_alt.png]
[recept.mohem.se/Styles/menu_style.css]
[recept.mohem.se/Styles/GridView.html]
[recept.mohem.se/Styles/grd_pgr.png]
[recept.mohem.se/Styles/jquery.autocomplete.css]
[recept.mohem.se/Scripts/jquery-1.4.1.min.js]
[recept.mohem.se/Scripts/jquery.autocomplete.js]
[recept.mohem.se/WebResourceea0f.js]
[recept.mohem.se/WebResource8436.js]
[recept.mohem.se/Account/Login.html]
[recept.mohem.se/Default.html]
[recept.mohem.se/ScriptResourcee4b2.js]
[recept.mohem.se/ScriptResourceb893.js]
[recept.mohem.se/ScriptResource252b.js]
[recept.mohem.se/RecipeOverview.html]
[recept.mohem.se/ShowRecipe610b.html]
[recept.mohem.se/ShowRecipeea47.html]
[media.matgeek.se/2012/06/Rabarberkr.2173050.delayed]
[recept.mohem.se/ShowRecipe609a.html]
[recept.mohem.se/ShowRecipeff00.html]
[recept.mohem.se/ShowRecipe549f.html]
[recept.mohem.se/ShowRecipe0a17.html]
[media.matgeek.se/2011/07/rabarbermarmelad2.gif]
[media.matgeek.se/2013/05/Rhubarb.jpg]
[cached-images.bonnier.news/cms30/UploadedImages/2013/12/27/26a3a9bb-09d2-454e-8ba4-a01d6c8881f0/original0b1f.jpg]
[recept.mohem.se/ShowRecipe8f14.html]
[recept.mohem.se/ShowRecipe7bf9.html]
[recept.mohem.se/ShowRecipe3048.html]
[recept.mohem.se/ShowRecipe688e.html]
[recept.mohem.se/ShowRecipe6ba0.html]
[recept.mohem.se/ShowRecipeb5d0.html]
[recept.mohem.se/ShowRecipea41f.html]
[recept.mohem.se/ShowRecipe7648.html]
[recept.mohem.se/ShowRecipeb57f.html]
[recept.mohem.se/ShowRecipe0efd.html]
[recept.mohem.se/ShowRecipe0f23.html]
[recept.mohem.se/ShowRecipec549.html]
[recept.mohem.se/ShowReciped358.html]
[recept.mohem.se/ShowRecipe065b.html]
[recept.mohem.se/ShowRecipecfbd.html]
[recept.mohem.se/ShowRecipeb904.html]
[recept.mohem.se/ShowRecipe322d.html]
[recept.mohem.se/ShowRecipec6aa.html]
[recept.mohem.se/Styles/indicator.html]
[recept.mohem.se/POST.html]
[recept.mohem.se/WebResource83a0.js]
[recept.mohem.se/Account/Register6f8a.html]
[recept.mohem.se/Account/RecoverPassword.html]
[recept.mohem.se/ScriptResourcee4b2.js]
[recept.mohem.se/ScriptResourceb893.js]
[recept.mohem.se/ScriptResource252b.js]
[recept.mohem.se/ShowRecipede9c.html]
[recept.mohem.se/ShowRecipe6c97.html]
[www.amelia.se/wp-content/uploads/Amelia/artiklar/2011/picknickens-tid-ar-har/picknick.jpg]
[cdn01.dn-static.se/dnse/img/dn_black_200x200.jpg]
[recept.mohem.se/ShowRecipe03f3.html]
[recept.mohem.se/ShowRecipeff21.html]
[recept.mohem.se/ShowRecipe11a9.html]
[recept.mohem.se/ShowReciped838.html]
[recept.mohem.se/ShowRecipe2989.html]
[recept.mohem.se/ShowRecipea33f.html]
[recept.mohem.se/ShowRecipe497e.html]
[recept.mohem.se/ShowRecipe3f71.html]
[recept.mohem.se/ShowRecipe0926.html]
[recept.mohem.se/ShowRecipe2d5d.html]
[recept.mohem.se/ShowRecipebae5.html]
[recept.mohem.se/ShowRecipe5a7a.html]
[recept.mohem.se/ShowReciped4fb.html]
[recept.mohem.se/ShowRecipe9998.html]
[recept.mohem.se/ShowRecipe94f1.html]
[recept.mohem.se/ShowRecipef014.html]
[recept.mohem.se/ShowRecipe0f70.html]
[recept.mohem.se/ShowRecipe3b1d.html]
[recept.mohem.se/ShowRecipee4ef.html]
[recept.mohem.se/ShowRecipe06dc.html]
[recept.mohem.se/ShowRecipe618c.html]
[recept.mohem.se/ShowRecipe6854.html]
[recept.mohem.se/ShowRecipe6c10.html]
[recept.mohem.se/ShowRecipe8ff3.html]
[recept.mohem.se/ShowRecipecf22.html]
[recept.mohem.se/ShowRecipe3867.html]
[recept.mohem.se/ShowRecipe0319.html]
[recept.mohem.se/ShowRecipe6a8e.html]
[recept.mohem.se/ShowRecipec612.html]
[recept.mohem.se/ShowRecipeadab.html]
[recept.mohem.se/ShowRecipe1792.html]
[recept.mohem.se/ShowRecipe6f97.html]
[recept.mohem.se/ShowRecipee528.html]
[recept.mohem.se/ShowRecipe15bc.html]
[recept.mohem.se/ShowRecipe8add.html]
[recept.mohem.se/ShowRecipef156.html]
[recept.mohem.se/ShowRecipedd1c.html]
[recept.mohem.se/ShowRecipefb89.html]
[recept.mohem.se/ShowRecipebe18.html]
[recept.mohem.se/ShowRecipeb937.html]
[recept.mohem.se/ShowRecipe9cfd.html]
[recept.mohem.se/ShowRecipe2ca0.html]
[recept.mohem.se/ShowRecipe1ff3.html]
[recept.mohem.se/ShowRecipebab5.html]
[recept.mohem.se/ShowRecipe7823.html]
[recept.mohem.se/ShowRecipec844.html]
[recept.mohem.se/ShowRecipe3f63.html]
[recept.mohem.se/ShowRecipee975.html]
[recept.mohem.se/ShowRecipe56ca.html]
[recept.mohem.se/ShowRecipe324c.html]
[recept.mohem.se/ShowRecipe10b8.html]
[recept.mohem.se/ShowRecipe2998.html]
[recept.mohem.se/ShowRecipe63d0.html]
[recept.mohem.se/ShowRecipe58e1.html]
[recept.mohem.se/ShowRecipe9dc2.html]
[recept.mohem.se/ShowRecipe3b26.html]
[recept.mohem.se/ShowRecipe3165.html]
[recept.mohem.se/ShowRecipea42a.html]
[recept.mohem.se/ShowRecipe9967.html]
[recept.mohem.se/ShowRecipe614d.html]
[recept.mohem.se/ShowRecipea616.html]
[recept.mohem.se/ShowRecipeab72.html]
[recept.mohem.se/ShowRecipe062b.html]
[recept.mohem.se/ShowRecipe6946.html]
[recept.mohem.se/ShowReciped3d8.html]
[recept.mohem.se/ShowRecipeb539.html]
[recept.mohem.se/ShowRecipee9e0.html]
[recept.mohem.se/ShowRecipe737d.html]
[recept.mohem.se/ShowRecipe04a1.html]
[recept.mohem.se/ShowRecipe4fce.html]
[recept.mohem.se/ShowRecipe9f28.html]
[recept.mohem.se/ShowRecipedc05.html]
[recept.mohem.se/ShowRecipe07c1.html]
[recept.mohem.se/ShowRecipe0540.html]
[recept.mohem.se/ShowRecipe550a.html]
[recept.mohem.se/ShowRecipeb47d.html]
[recept.mohem.se/ShowRecipec57a.html]
[recept.mohem.se/ShowRecipee4a4.html]
[recept.mohem.se/ShowReciped522.html]
[recept.mohem.se/ShowRecipe33f6.html]
[recept.mohem.se/ShowRecipe9abf.html]
[recept.mohem.se/ShowRecipef45c.html]
[recept.mohem.se/ShowRecipe9b4b.html]
[recept.mohem.se/ShowRecipe7b38.html]
[recept.mohem.se/ShowRecipe6afd.html]
[recept.mohem.se/ShowRecipe3f08.html]
[recept.mohem.se/ShowRecipe2685.html]
[recept.mohem.se/ShowReciped525.html]
[recept.mohem.se/ShowRecipeeb56.html]
[recept.mohem.se/ShowRecipe3ed6.html]
[recept.mohem.se/ShowRecipee9df.html]
[recept.mohem.se/ShowRecipe9060.html]
[recept.mohem.se/ShowRecipe74ae.html]
[recept.mohem.se/ShowRecipeb1bb.html]
[recept.mohem.se/ShowRecipe120d.html]
[www.arla.se/globalassets/bilder-teman/smart-mat-2400x1000f2d7.jpg]
[recept.mohem.se/ShowRecipe5a48.html]
[recept.mohem.se/ShowReciped5f8.html]
[recept.mohem.se/ShowRecipe035b.html]
[recept.mohem.se/ShowRecipe0dfd.html]
[recept.mohem.se/ShowRecipe5782.html]
[recept.mohem.se/ShowRecipe6e95.html]
[recept.mohem.se/ShowRecipe90bc.html]
[recept.mohem.se/ShowRecipe9470.html]
[recept.mohem.se/ShowRecipe938e.html]
[recept.mohem.se/ShowRecipeacaa.html]
[recept.mohem.se/ShowRecipeefa7.html]
[recept.mohem.se/ShowRecipe767b.html]
[recept.mohem.se/ShowRecipedd47.html]
[recept.mohem.se/ShowRecipeccbf.html]
[recept.mohem.se/ShowRecipe64f0.html]
[recept.mohem.se/ShowRecipe2ba2.html]
[recept.mohem.se/ShowRecipe8805.html]
[recept.mohem.se/ShowRecipef8c1.html]
[recept.mohem.se/ShowRecipe793c.html]
[recept.mohem.se/ShowRecipe0ae3.html]
[recept.mohem.se/ShowRecipe9a5d.html]
[recept.mohem.se/ShowRecipe672f.html]
[recept.mohem.se/ShowRecipec30c.html]
[recept.mohem.se/ShowRecipe28aa.html]
[recept.mohem.se/ShowRecipe8535.html]
[recept.mohem.se/ShowRecipef2e6.html]
[recept.mohem.se/ShowRecipea52d.html]
[recept.mohem.se/ShowRecipe01db.html]
[recept.mohem.se/ShowRecipe81c2.html]
[recept.mohem.se/ShowRecipe7d32.html]
[recept.mohem.se/ShowRecipe48a0.html]
[recept.mohem.se/ShowRecipedd22.html]
[recept.mohem.se/ShowRecipe3dcf.html]
[recept.mohem.se/ShowRecipe5660.html]
[recept.mohem.se/ShowRecipe81da.html]
[recept.mohem.se/ShowRecipe5d36.html]
[recept.mohem.se/ShowRecipec8cc.html]
[recept.mohem.se/ShowRecipe9112.html]
[recept.mohem.se/ShowRecipe478b.html]
[recept.mohem.se/ShowRecipe91f2.html]
[recept.mohem.se/ShowRecipeacba.html]
[recept.mohem.se/ShowRecipe55dd.html]
[recept.mohem.se/ShowRecipe131b.html]
[recept.mohem.se/ShowReciped8db.html]
[recept.mohem.se/ShowRecipe0d49.html]
[recept.mohem.se/ShowRecipe23ea.html]
[recept.mohem.se/ShowRecipe8c9a.html]
[recept.mohem.se/ShowRecipe2d4b.html]
[recept.mohem.se/ShowRecipe30dc.html]
[recept.mohem.se/ShowRecipee4cc.html]
[recept.mohem.se/ShowRecipe65c8.html]
[recept.mohem.se/ShowRecipe79a5.html]
[recept.mohem.se/ShowRecipe6563.html]
[recept.mohem.se/ShowRecipe83e8.html]
[recept.mohem.se/ShowRecipe8de1.html]
[recept.mohem.se/ShowRecipe2308.html]
[recept.mohem.se/ShowRecipe70ee.html]
[recept.mohem.se/DisplayImage1c8f.jpg]
[recept.mohem.se/ShowRecipe1c8f.html]
[recept.mohem.se/DisplayImageec13.jpg]
[recept.mohem.se/ShowRecipeec13.html]
[recept.mohem.se/DisplayImageea18.jpg]
[recept.mohem.se/ShowRecipeea18.html]
[recept.mohem.se/DisplayImaged1c4.jpg]
[recept.mohem.se/ShowReciped1c4.html]
[recept.mohem.se/DisplayImage453a.jpg]
[recept.mohem.se/ShowRecipe453a.html]
[recept.mohem.se/DisplayImage835f.jpg]
[recept.mohem.se/ShowRecipe835f.html]
[recept.mohem.se/DisplayImage90ed.jpg]
[recept.mohem.se/ShowRecipe90ed.html]
[recept.mohem.se/ShowRecipe5919.html]
[recept.mohem.se/DisplayImage5919.jpg]
[recept.mohem.se/DisplayImagee2ea.jpg]
[recept.mohem.se/ShowRecipee2ea.html]
[recept.mohem.se/DisplayImage7a31.jpg]
[recept.mohem.se/ShowRecipe7a31.html]
[recept.mohem.se/DisplayImage63a4.jpg]
[recept.mohem.se/ShowRecipe63a4.html]
[recept.mohem.se/DisplayImage9e8b.jpg]
[recept.mohem.se/ShowRecipe9e8b.html]
[recept.mohem.se/DisplayImaged5d4.jpg]
[recept.mohem.se/ShowReciped5d4.html]
[recept.mohem.se/DisplayImage0587.jpg]
[recept.mohem.se/ShowRecipe0587.html]
[recept.mohem.se/DisplayImage68a9.jpg]
[recept.mohem.se/ShowRecipe68a9.html]
[recept.mohem.se/DisplayImage7249.jpg]
[recept.mohem.se/ShowRecipe7249.html]
[recept.mohem.se/DisplayImage9393.jpg]
[recept.mohem.se/ShowRecipe9393.html]
[recept.mohem.se/DisplayImage1c6d.jpg]
[recept.mohem.se/ShowRecipe1c6d.html]
[recept.mohem.se/DisplayImage36b9.jpg]
[recept.mohem.se/ShowRecipe36b9.html]
[recept.mohem.se/DisplayImage2332.jpg]
[recept.mohem.se/ShowRecipe2332.html]
[recept.mohem.se/ShowRecipe4bdf.html]
[recept.mohem.se/ShowRecipefee3.html]
[recept.mohem.se/DisplayImagefee3.jpg]
[recept.mohem.se/DisplayImageaf10.jpg]
[recept.mohem.se/ShowRecipeaf10.html]
[recept.mohem.se/DisplayImage67e8.jpg]
[recept.mohem.se/ShowRecipe67e8.html]
[recept.mohem.se/DisplayImage5848.jpg]
[recept.mohem.se/ShowRecipe5848.html]
[recept.mohem.se/DisplayImagec4ef.jpg]
[recept.mohem.se/ShowRecipec4ef.html]
[recept.mohem.se/DisplayImage91c3.jpg]
[recept.mohem.se/ShowRecipe91c3.html]
[recept.mohem.se/DisplayImage2958.jpg]
[recept.mohem.se/ShowRecipe2958.html]
[recept.mohem.se/DisplayImage6f65.jpg]
[recept.mohem.se/ShowRecipe6f65.html]
[recept.mohem.se/DisplayImage01a5.jpg]
[recept.mohem.se/ShowRecipe01a5.html]
[recept.mohem.se/DisplayImage5a17.jpg]
[recept.mohem.se/ShowRecipe5a17.html]
[recept.mohem.se/DisplayImagec440.jpg]
[recept.mohem.se/ShowRecipec440.html]
[recept.mohem.se/DisplayImage007a.jpg]
[recept.mohem.se/ShowRecipe007a.html]
[recept.mohem.se/DisplayImage04cc.jpg]
[recept.mohem.se/ShowRecipe04cc.html]
[recept.mohem.se/DisplayImagea0f2.jpg]
[recept.mohem.se/ShowRecipea0f2.html]
[recept.mohem.se/DisplayImage49b7.jpg]
[recept.mohem.se/ShowRecipe49b7.html]
[recept.mohem.se/DisplayImage7ff0.jpg]
[recept.mohem.se/ShowRecipe7ff0.html]
[recept.mohem.se/DisplayImageead6.jpg]
[recept.mohem.se/ShowRecipeead6.html]
[recept.mohem.se/ShowRecipe4019.html]
[recept.mohem.se/ShowRecipef366.html]
[recept.mohem.se/ShowRecipeebf0.html]
[recept.mohem.se/ShowRecipe9959.html]
[recept.mohem.se/ShowRecipe1fbd.html]
[recept.mohem.se/ShowRecipead83.html]
[recept.mohem.se/ShowRecipeb215.html]
[recept.mohem.se/ShowRecipea7fc.html]
[recept.mohem.se/ShowRecipef383.html]
[recept.mohem.se/ShowRecipea156.html]
[recept.mohem.se/ShowRecipeade4.html]
[recept.mohem.se/ShowRecipe14cf.html]
[recept.mohem.se/ShowRecipe0dd9.html]
[recept.mohem.se/ShowRecipe22b5.html]
[recept.mohem.se/ShowRecipe8e1f.html]
[recept.mohem.se/ShowRecipec82b.html]
[recept.mohem.se/ShowReciped3ea.html]
[recept.mohem.se/ShowRecipe66da.html]
[recept.mohem.se/ShowRecipe96c9.html]
[recept.mohem.se/ShowRecipe7a1e.html]
[recept.mohem.se/ShowRecipebc3c.html]
[recept.mohem.se/ShowRecipe1967.html]
[recept.mohem.se/ShowRecipe7ace.html]
[recept.mohem.se/ShowRecipeb1ee.html]
[recept.mohem.se/ShowRecipe7385.html]
[recept.mohem.se/ShowRecipec0a4.html]
[recept.mohem.se/ShowRecipe2b6e.html]
[recept.mohem.se/ShowReciped3b6.html]
[recept.mohem.se/ShowRecipe8127.html]
[recept.mohem.se/ShowRecipe226c.html]
[recept.mohem.se/ShowRecipe3fe8.html]
[recept.mohem.se/ShowRecipe1f1b.html]
[recept.mohem.se/ShowRecipec985.html]
[recept.mohem.se/ShowRecipe565a.html]
[recept.mohem.se/ShowRecipe43b9.html]
[recept.mohem.se/ShowRecipe2b4d.html]
[recept.mohem.se/ShowRecipe73ae.html]
[recept.mohem.se/ShowRecipeed80.html]
[recept.mohem.se/ShowRecipe1d3c.html]
[recept.mohem.se/ShowRecipe26cc.html]
[recept.mohem.se/ShowRecipe1856.html]
[recept.mohem.se/ShowRecipe775e.html]
[recept.mohem.se/ShowRecipe4407.html]
[recept.mohem.se/ShowRecipe3d57.html]
[recept.mohem.se/ShowRecipe251b.html]
[recept.mohem.se/ShowRecipe968b.html]
[recept.mohem.se/ShowRecipe33e1.html]
[recept.mohem.se/ShowRecipeb919.html]
[recept.mohem.se/ShowRecipe16bf.html]
[recept.mohem.se/ShowRecipeab54.html]
[recept.mohem.se/ShowRecipe091b.html]
[recept.mohem.se/ShowRecipe9670.html]
[recept.mohem.se/ShowRecipea218.html]
[recept.mohem.se/ShowRecipe1f92.html]
[recept.mohem.se/ShowRecipe8249.html]
[recept.mohem.se/ShowRecipea7af.html]
[recept.mohem.se/ShowRecipe88cf.html]
[recept.mohem.se/ShowRecipe09ba.html]
[recept.mohem.se/ShowRecipece5b.html]
[recept.mohem.se/ShowRecipe202e.html]
[recept.mohem.se/ShowRecipe5985.html]
[recept.mohem.se/ShowRecipe6f5e.html]
[recept.mohem.se/ShowRecipe19df.html]
[recept.mohem.se/ShowRecipe5aff.html]
[recept.mohem.se/ShowRecipe8cee.html]
[recept.mohem.se/ShowRecipee3aa.html]
[recept.mohem.se/ShowRecipe8478.html]
[recept.mohem.se/ShowRecipe980f.html]
[recept.mohem.se/ShowRecipe0d4e.html]
[recept.mohem.se/ShowRecipe153a.html]
[recept.mohem.se/ShowRecipe86d9.html]
[recept.mohem.se/ShowRecipea0bf.html]
[recept.mohem.se/ShowRecipe579d.html]
[recept.mohem.se/ShowRecipebaf3.html]
[recept.mohem.se/ShowRecipe9a38.html]
[recept.mohem.se/ShowRecipe1bf4.html]
[recept.mohem.se/ShowRecipeb15a.html]
[recept.mohem.se/ShowRecipe58f9.html]
[recept.mohem.se/ShowRecipe5f50.html]
[recept.mohem.se/ShowRecipe0846.html]
[recept.mohem.se/ShowRecipeaa44.html]
[recept.mohem.se/ShowRecipe48fe.html]
[recept.mohem.se/ShowRecipe861b.html]
[recept.mohem.se/ShowRecipea95f.html]
[recept.mohem.se/ShowRecipeb9f1.html]
[recept.mohem.se/ShowRecipec6f2.html]
[recept.mohem.se/ShowRecipe3da6.html]
[recept.mohem.se/ShowReciped7b6.html]
[recept.mohem.se/ShowRecipec699.html]
[recept.mohem.se/ShowRecipe41f1.html]
[recept.mohem.se/ShowRecipe6de9.html]
[recept.mohem.se/ShowRecipe0a1b.html]
[recept.mohem.se/ShowRecipedf42.html]
[recept.mohem.se/ShowRecipe1c32.html]
[recept.mohem.se/ShowRecipe6b77.html]
[recept.mohem.se/ShowRecipeed36.html]
[recept.mohem.se/ShowRecipe3ab0.html]
[recept.mohem.se/ShowRecipeb91f.html]
[recept.mohem.se/ShowRecipe9a06.html]
[recept.mohem.se/ShowRecipe692a.html]
[recept.mohem.se/ShowRecipe62a7.html]
[recept.mohem.se/ShowRecipe122c.html]
[recept.mohem.se/ShowRecipe0462.html]
[recept.mohem.se/ShowRecipe884b.html]
[recept.mohem.se/ShowRecipe4b2e.html]
[recept.mohem.se/ShowRecipe48f6.html]
[recept.mohem.se/ShowRecipe1195.html]
[recept.mohem.se/ShowRecipe282a.html]
[recept.mohem.se/ShowRecipe6262.html]
[recept.mohem.se/ShowRecipe8d58.html]
[recept.mohem.se/ShowRecipe7798.html]
[recept.mohem.se/ShowRecipe0879.html]
[recept.mohem.se/ShowRecipe25fc.html]
[recept.mohem.se/ShowRecipe6721.html]
[recept.mohem.se/ShowRecipe0389.html]
[recept.mohem.se/ShowRecipe13b3.html]
[recept.mohem.se/ShowRecipe3424.html]
[recept.mohem.se/ShowRecipe1e73.html]
[recept.mohem.se/ShowRecipeaf15.html]
[recept.mohem.se/ShowRecipe4596.html]
[recept.mohem.se/ShowRecipe55de.html]
[recept.mohem.se/ShowRecipe00f9.html]
[recept.mohem.se/ShowRecipe13a2.html]
[recept.mohem.se/ShowRecipe5d67.html]
[recept.mohem.se/ShowRecipee347.html]
[recept.mohem.se/ShowRecipe3ba0.html]
[recept.mohem.se/ShowRecipea7c7.html]
[recept.mohem.se/ShowRecipe60f3.html]
[recept.mohem.se/ShowRecipe3767.html]
[recept.mohem.se/ShowRecipe445d.html]
[recept.mohem.se/ShowRecipe6166.html]
[recept.mohem.se/ShowRecipe21d6.html]
[recept.mohem.se/ShowRecipe65a3.html]
[recept.mohem.se/ShowRecipef98b.html]
[recept.mohem.se/ShowRecipe933b.html]
[recept.mohem.se/ShowRecipe25f9.html]
[recept.mohem.se/ShowRecipebfbe.html]
[recept.mohem.se/ShowRecipe438b.html]
[recept.mohem.se/ShowRecipef030.html]
[recept.mohem.se/ShowRecipe833b.html]
[recept.mohem.se/ShowRecipe1592.html]
[recept.mohem.se/ShowRecipe5107.html]
[recept.mohem.se/ShowRecipe7066.html]
[recept.mohem.se/ShowRecipe1488.html]
[recept.mohem.se/ShowRecipe2b26.html]
[recept.mohem.se/ShowRecipe8658.html]
[recept.mohem.se/ShowRecipef0ea.html]
[recept.mohem.se/ShowRecipe3e26.html]
[recept.mohem.se/ShowRecipe0d1c.html]
[recept.mohem.se/ShowRecipe9b86.html]
[recept.mohem.se/ShowRecipe812f.html]
[recept.mohem.se/ShowRecipe0b05.html]
[recept.mohem.se/ShowRecipe93e4.html]
[recept.mohem.se/ShowReciped6d6.html]
[recept.mohem.se/ShowRecipe4d62.html]
[recept.mohem.se/ShowRecipe4153.html]
[recept.mohem.se/ShowRecipe72aa.html]
[recept.mohem.se/ShowRecipe31cb.html]
[recept.mohem.se/ShowReciped8d8.html]
[recept.mohem.se/ShowRecipe12bd.html]
[recept.mohem.se/ShowRecipe6ee5.html]
[recept.mohem.se/ShowRecipe8ebb.html]
[recept.mohem.se/ShowRecipefc0c.html]
[recept.mohem.se/ShowRecipeda28.html]
[recept.mohem.se/ShowRecipe66e3.html]
[recept.mohem.se/ShowRecipe9bb5.html]
[recept.mohem.se/ShowRecipe5ce6.html]
[recept.mohem.se/ShowRecipe7df9.html]
[recept.mohem.se/ShowRecipe0934.html]
[recept.mohem.se/ShowRecipe3e11.html]
[recept.mohem.se/ShowRecipeb13a.html]
[recept.mohem.se/ShowRecipe8317.html]
[recept.mohem.se/ShowRecipee5af.html]
[recept.mohem.se/ShowRecipe7915.html]
[recept.mohem.se/ShowRecipe6a3d.html]
[recept.mohem.se/ShowRecipe5bc5.html]
[recept.mohem.se/ShowRecipe2932.html]
[recept.mohem.se/ShowRecipe8232.html]
[recept.mohem.se/ShowRecipee0e2.html]
[recept.mohem.se/ShowRecipe0bf2.html]
[recept.mohem.se/ShowRecipe3a60.html]
[recept.mohem.se/ShowRecipeafc3.html]
[recept.mohem.se/ShowRecipe4962.html]
[recept.mohem.se/ShowRecipe062d.html]
[recept.mohem.se/ShowRecipe5cb4.html]
[recept.mohem.se/ShowRecipe13bb.html]
[recept.mohem.se/ShowRecipe7693.html]
[recept.mohem.se/ShowRecipe844a.html]
[recept.mohem.se/ShowRecipe902d.html]
[recept.mohem.se/ShowRecipef669.html]
[recept.mohem.se/ShowRecipe5fe7.html]
[recept.mohem.se/ShowRecipe5a3e.html]
[recept.mohem.se/ShowRecipea541.html]
[recept.mohem.se/ShowRecipe38e6.html]
[recept.mohem.se/ShowRecipef424.html]
[recept.mohem.se/ShowRecipecdea.html]
[recept.mohem.se/ShowRecipe38ac.html]
[recept.mohem.se/ShowRecipeb006.html]
[recept.mohem.se/ShowRecipe91bf.html]
[recept.mohem.se/ShowRecipe612a.html]
[recept.mohem.se/ShowRecipe814e.html]
[recept.mohem.se/ShowRecipe3925.html]
[recept.mohem.se/ShowRecipef85b.html]
[recept.mohem.se/ShowRecipe9bde.html]
[recept.mohem.se/ShowRecipeec2c.html]
[recept.mohem.se/ShowRecipe0a8c.html]
[recept.mohem.se/ShowRecipe568c.html]
[recept.mohem.se/ShowReciped859.html]
[recept.mohem.se/ShowRecipe02a3.html]
[recept.mohem.se/ShowRecipe127f.html]
[recept.mohem.se/ShowRecipe5536.html]
[recept.mohem.se/ShowRecipec10f.html]
[recept.mohem.se/ShowRecipef12e.html]
[recept.mohem.se/ShowRecipe15db.html]
[recept.mohem.se/ShowRecipe7e3b.html]
[recept.mohem.se/ShowRecipe79d7.html]
[recept.mohem.se/ShowRecipedeef.html]
[recept.mohem.se/ShowRecipef422.html]
[recept.mohem.se/ShowRecipe75a8.html]
[recept.mohem.se/ShowRecipe784c.html]
[recept.mohem.se/ShowRecipe051a.html]
[recept.mohem.se/ShowRecipe4e96.html]
[recept.mohem.se/ShowRecipe1ad3.html]
[recept.mohem.se/ShowRecipec08b.html]
[recept.mohem.se/ShowReciped744.html]
[recept.mohem.se/ShowRecipeaaff.html]
[recept.mohem.se/ShowRecipe841e.html]
[recept.mohem.se/ShowRecipef7c6.html]
[recept.mohem.se/ShowRecipe5860.html]
[recept.mohem.se/ShowRecipeb0c5.html]
[recept.mohem.se/ShowRecipec4de.html]
[recept.mohem.se/ShowRecipe6f87.html]
[recept.mohem.se/ShowRecipe0b2e.html]
[recept.mohem.se/ShowRecipe80fd.html]
[recept.mohem.se/ShowRecipe2d7a.html]
[recept.mohem.se/ShowRecipe6b64.html]
[recept.mohem.se/ShowRecipe214e.html]
[recept.mohem.se/ShowRecipe18aa.html]
[recept.mohem.se/ShowRecipe104e.html]
[recept.mohem.se/ShowRecipe7179.html]
[recept.mohem.se/ShowRecipe53cb.html]
[recept.mohem.se/ShowRecipe3358.html]
[recept.mohem.se/ShowRecipe5a0d.html]
[recept.mohem.se/ShowRecipea93b.html]
[recept.mohem.se/ShowRecipec9cb.html]
[recept.mohem.se/ShowRecipe1b36.html]
[recept.mohem.se/ShowRecipe4cc0.html]
[recept.mohem.se/ShowRecipe1f09.html]
[recept.mohem.se/ShowRecipec31d.html]
[recept.mohem.se/ShowRecipeee94.html]
[recept.mohem.se/ShowRecipe5891.html]
[recept.mohem.se/ShowRecipe3f08-2.html]
[recept.mohem.se/ShowRecipefebf.html]
[recept.mohem.se/ShowRecipe14af.html]
[recept.mohem.se/ShowRecipea6f3.html]
[recept.mohem.se/ShowRecipe1e16.html]
[recept.mohem.se/ShowRecipe5ad7.html]
[recept.mohem.se/ShowRecipee022.html]
[recept.mohem.se/ShowRecipec1a6.html]
[recept.mohem.se/ShowRecipef334.html]
[recept.mohem.se/ShowRecipe88e9.html]
[recept.mohem.se/ShowRecipebd40.html]
[recept.mohem.se/ShowRecipe09be.html]
[recept.mohem.se/ShowReciped5d5.html]
[recept.mohem.se/ShowReciped9df.html]
[recept.mohem.se/ShowRecipef25e.html]
[recept.mohem.se/ShowRecipe682e.html]
[recept.mohem.se/ShowRecipe82d0.html]
[recept.mohem.se/ShowRecipeda07.html]
[recept.mohem.se/ShowRecipebefc.html]
[recept.mohem.se/ShowRecipe4777.html]
[recept.mohem.se/ShowRecipedc1d.html]
[recept.mohem.se/ShowRecipe94ce.html]
[recept.mohem.se/ShowRecipe2238.html]
[recept.mohem.se/ShowRecipe61fc.html]
[recept.mohem.se/ShowRecipe36ab.html]
[recept.mohem.se/ShowRecipe2188.html]
[recept.mohem.se/ShowRecipe0901.html]
[recept.mohem.se/ShowRecipe570a.html]
[recept.mohem.se/ShowRecipe998c.html]
[recept.mohem.se/ShowRecipe79aa.html]
[recept.mohem.se/ShowRecipe2cc2.html]
[recept.mohem.se/ShowRecipeca30.html]
[recept.mohem.se/ShowRecipe810d.html]
[recept.mohem.se/ShowRecipe9354.html]
[recept.mohem.se/ShowRecipe6a6e.html]
[recept.mohem.se/ShowRecipe8a78.html]
[recept.mohem.se/ShowRecipe7ca1.html]
[recept.mohem.se/ShowRecipe75d2.html]
[media.matgeek.se/2012/06/Rabarberkr3050.html]
[recept.mohem.se/About.aspx]
[recept.mohem.se/Firefox/index.html]
[recept.mohem.se/AppleWebKit/index.html]
[recept.mohem.se/Opera/index.html]
[www.ica.se/imagevaultfiles/id_65402/cf_6901/peters-snabb-kimchi-715679.jpg]
[www.ica.se/Templates/General/Views/images/recipe/bgHorzDottedTransp.png]
[www.ica.se/imagevaultfiles/id_105904/cf_6901/fransk-rabarbermarmelad-3107.jpg]
[www.ica.se/imagevaultfiles/id_63300/cf_6901/grillad_entrec-te_med_bbq-rub_och_potatissallad_-c.jpg]
[www.ica.se/vardagshjalpen/lib_img/sok_recept/icon_info_gulrund.gif]
[www.ica.se/Templates/General/Views/Images/ICA.jpg]
[www.ica.se/imagevaultfiles/id_18095/cf_6901/689848-mjolkchokladmousse_b1109.jpg]
[www.ica.se/imagevaultfiles/id_17888/cf_6901/677730-morotskaka_med_banan-morotskaka_banan_b0809.jpg]
[www.ica.se/imagevaultfiles/id_18036/cf_6901/686107-h-grevsgryta_med_sidfl-sk_och_kantareller-h.jpg]
[www.ica.se/imagevaultfiles/id_18009/cf_6901/685536-svampsoppa_med_-rtcr-me_och_rostbr-d-svamps.jpg]
[www.ica.se/imagevaultfiles/id_27739/cf_6901/paltmuffins-med-lyxiga-tillbehor-702093.jpg]
[www.ica.se/imagevaultfiles/id_18213/cf_6901/707093-ugns_kycklingben_b0310.jpg]
[www.ica.se/imagevaultfiles/id_19153/cf_6901/bulgogi_ananas_b0410.jpg]
[www.ica.se/imagevaultfiles/id_18201/cf_6901/699160-martins_surdegsbrod_b0210.jpg]
[www.ica.se/imagevaultfiles/id_18179/cf_6901/698090-mexikansk_chili_lime_b0210.jpg]
[www.ica.se/imagevaultfiles/id_17749/cf_6901/669694-gurksallad_med_sesamfr-n-gurksallad_b0509.jpg]
[www.ica.se/imagevaultfiles/id_17748/cf_6901/669676-ppel-_och_blomk-lssallad-appel_blomkalsall_.jpg]
[www.ica.se/imagevaultfiles/id_17747/cf_6901/669647-saftiga_revbensspj-ll-saftig_revbenspjall_b.jpg]
[www.ica.se/imagevaultfiles/id_17744/cf_6901/669587-superm-r_h-grev-supermor_hogrev_b0509.jpg]
[www.ica.se/imagevaultfiles/id_17741/cf_6901/669494-barbecue-karr-barbecue_karre_b0509.jpg]
[www.ica.se/imagevaultfiles/id_63419/cf_6901/barbecue-glaze-715154.jpg]
[www.ica.se/imagevaultfiles/id_62822/cf_6901/jord-rtskockssoppa_med_r-kor-_dill_och_tomat-71531.jpg]
[www.ica.se/imagevaultfiles/id_62846/cf_6901/kalvstek_med_pumpa-_vita_b-nor_och_citron-715307.jpg]
[www.ica.se/imagevaultfiles/id_62849/cf_6901/hamburgare_med_v-sterbottensr-ra__-715304.jpg]
[www.ica.se/imagevaultfiles/id_62856/cf_6901/kryddstekt_ryggbiff_med_palsternacksspread_och_-pp.jpg]
[www.ica.se/imagevaultfiles/id_64290/cf_6901/pappardelle-med-kantareller-och-mascarpone-715603.jpg]
[www.ica.se/imagevaultfiles/id_64295/cf_6901/porchetta-di-fano-715608.jpg]
[www.ica.se/imagevaultfiles/id_64331/cf_6901/appelpajs-semifreddo-715618.jpg]
[www.ica.se/imagevaultfiles/id_64283/cf_6901/hemlagade_gnocchi.jpg]
[www.ica.se/imagevaultfiles/id_63242/cf_6901/koladr-m_med_daimgr-dde_och_jordgubbar-715220.jpg]
[www.ica.se/imagevaultfiles/id_25803/cf_6901/667031_lang_o_lacker_b200904.jpg]
[www.ica.se/imagevaultfiles/id_18094/cf_6901/689824-bakade_banan-_och_mj-lkchokladbakelser-bana.jpg]
[www.ica.se/imagevaultfiles/id_18093/cf_6901/689807-mjolkkladdkaka_tranba_b1109.jpg]
[www.ica.se/imagevaultfiles/id_18042/cf_6901/686231-ribbenstek_med_cider-ribbenstek_cider_b1009.jpg]
[www.ica.se/imagevaultfiles/id_16720/cf_6901/595904-lamm_i_lergryta-lamm_lergryta_b1107.jpg]
[www.ica.se/imagevaultfiles/id_33025/cf_6901/avokadorora-med-bacon-och-tomat713444.jpg]
[www.ica.se/imagevaultfiles/id_33020/cf_6901/galette713436.jpg]
[www.ica.se/imagevaultfiles/id_29636/cf_6901/chiliglaze_713215_b1210.jpg]
[www.ica.se/imagevaultfiles/id_29658/cf_6901/chiliglaze_713215_b1210.jpg]
[www.ica.se/imagevaultfiles/id_25497/cf_6901/stormaktslada_2.jpg]
[www.ica.se/imagevaultfiles/id_25279/cf_6901/porknprawns_b910.jpg]
[www.ica.se/imagevaultfiles/id_25272/cf_6901/frys_bjornbarcheese_b910.jpg]
[www.ica.se/imagevaultfiles/id_137449/cf_6901/rodvinsmarinad-712619_770x654.jpg]
[www.ica.se/imagevaultfiles/id_20157/cf_6901/supersas_marinad_b0510.jpg]
[www.ica.se/imagevaultfiles/id_36747/cf_6901/tiramisu-med-bar-713796.jpg]
